---
source: exn/tests/simple.rs
expression: e6
---
E6, at exn/tests/simple.rs:60:14
|
|-> E5, at exn/tests/simple.rs:52:14
|   |
|   |-> E3, at exn/tests/simple.rs:44:17
|   |   |
|   |   |-> E1, at exn/tests/simple.rs:43:32
|   |
|   |-> E10, at exn/tests/simple.rs:47:18
|   |   |
|   |   |-> E9, at exn/tests/simple.rs:46:32
|   |
|   |-> E12, at exn/tests/simple.rs:50:19
|       |
|       |-> E11, at exn/tests/simple.rs:49:34
|
|-> E4, at exn/tests/simple.rs:55:17
|   |
|   |-> E2, at exn/tests/simple.rs:54:32
|
|-> E8, at exn/tests/simple.rs:58:17
    |
    |-> E7, at exn/tests/simple.rs:57:32
